- Nikto v2.5.0
---------------------------------------------------------------------------
+ Target IP:          172.28.10.11
+ Target Hostname:    172.28.10.11
+ Target Port:        80
+ Start Time:         2026-09-27 08:54:48 (GMT0)
---------------------------------------------------------------------------
+ Server: Apache/2.4.68 (Unix)
+ /: The X-Content-Type-Options header is not set. This could allow the user agent to render the content of the site in a different fashion to the MIME type. See: https://www.netsparker.com/web-vulnerability-scanner/vulnerabilities/missing-content-type-header/
+ No CGI Directories found (use '-C all' to force check all possible dirs)
+ /: Suggested security header missing: referrer-policy. See: https://developer.mozilla.org/en-US/docs/Web/HTTP/Headers/Referrer-Policy
+ /: Suggested security header missing: permissions-policy. See: https://developer.mozilla.org/en-US/docs/Web/HTTP/Headers/Permissions-Policy
+ /: Suggested security header missing: content-security-policy. See: https://developer.mozilla.org/en-US/docs/Web/HTTP/CSP
+ /: Suggested security header missing: x-content-type-options. See: https://developer.mozilla.org/en-US/docs/Web/HTTP/Headers/X-Content-Type-Options
+ /: Suggested security header missing: strict-transport-security. See: https://developer.mozilla.org/en-US/docs/Web/HTTP/Headers/Strict-Transport-Security
+ OPTIONS: Allowed HTTP Methods: GET, POST, OPTIONS, HEAD, TRACE .
+ /: HTTP TRACE method is active which suggests the host is vulnerable to XST. See: https://owasp.org/www-community/attacks/Cross_Site_Tracing
+ 8111 requests: 0 error(s) and 8 item(s) reported on remote host
+ End Time:           2026-09-27 08:54:53 (GMT0) (5 seconds)
---------------------------------------------------------------------------
+ 1 host(s) tested


      *********************************************************************
      Portions of the server's headers (Apache/2.4.68) are not in
      the Nikto 2.5.0 database or are newer than the known string. Would you like
      to submit this information (*no server specific data*) to CIRT.net
      for a Nikto update (or you may email to sullo@cirt.net) (y/n)? 
