- Nikto v2.5.0
---------------------------------------------------------------------------
+ Target IP:          172.28.10.90
+ Target Hostname:    172.28.10.90
+ Target Port:        80
+ Start Time:         2026-09-27 08:56:31 (GMT0)
---------------------------------------------------------------------------
+ Server: nginx/1.27.5
+ /: The X-Content-Type-Options header is not set. This could allow the user agent to render the content of the site in a different fashion to the MIME type. See: https://www.netsparker.com/web-vulnerability-scanner/vulnerabilities/missing-content-type-header/
+ /: Directory indexing found.
+ No CGI Directories found (use '-C all' to force check all possible dirs)
+ /: Suggested security header missing: x-content-type-options. See: https://developer.mozilla.org/en-US/docs/Web/HTTP/Headers/X-Content-Type-Options
+ /: Suggested security header missing: strict-transport-security. See: https://developer.mozilla.org/en-US/docs/Web/HTTP/Headers/Strict-Transport-Security
+ /: Suggested security header missing: permissions-policy. See: https://developer.mozilla.org/en-US/docs/Web/HTTP/Headers/Permissions-Policy
+ /: Suggested security header missing: referrer-policy. See: https://developer.mozilla.org/en-US/docs/Web/HTTP/Headers/Referrer-Policy
+ /: Suggested security header missing: content-security-policy. See: https://developer.mozilla.org/en-US/docs/Web/HTTP/CSP
+ /./: Directory indexing found.
+ /./: Appending '/./' to a directory allows indexing.
+ //: Directory indexing found.
+ //: Apache on Red Hat Linux release 9 reveals the root directory listing by default if there is no index page.
+ /%2e/: Directory indexing found.
+ /%2e/: Weblogic allows source code or directory listing, upgrade to v6.0 SP1 or higher. See: https://web.archive.org/web/20171102042459/http://www.securityfocus.com/bid/2513
+ /%2f/: Directory indexing found.
+ /%2f/: Weblogic allows source code or directory listing, upgrade to v6.0 SP1 or higher. See: https://web.archive.org/web/20171102042459/http://www.securityfocus.com/bid/2513
+ ///: Directory indexing found.
+ /?PageServices: The remote server may allow directory listings through Web Publisher by forcing the server to show all files via 'open directory browsing'. Web Publisher should be disabled. See: http://cve.mitre.org/cgi-bin/cvename.cgi?name=CVE-1999-0269
+ /?wp-cs-dump: The remote server may allow directory listings through Web Publisher by forcing the server to show all files via 'open directory browsing'. Web Publisher should be disabled. See: http://cve.mitre.org/cgi-bin/cvename.cgi?name=CVE-1999-0269
+ /files/: Directory indexing found.
+ /files/: This might be interesting.
+ ///////////////////////////////////////////////////////////////////////////////////////////////////////////////////////////////////////////////////////////////////////////////////////////////////////////////////////////////////////////////////////////////: Directory indexing found.
+ ///////////////////////////////////////////////////////////////////////////////////////////////////////////////////////////////////////////////////////////////////////////////////////////////////////////////////////////////////////////////////////////////: Abyss 1.03 reveals directory listing when multiple /'s are requested. See: http://cve.mitre.org/cgi-bin/cvename.cgi?name=CVE-2002-1078
+ 8112 requests: 0 error(s) and 22 item(s) reported on remote host
+ End Time:           2026-09-27 08:56:37 (GMT0) (6 seconds)
---------------------------------------------------------------------------
+ 1 host(s) tested
